Godot Engine v4.7.2.stable.official.ed1daf0bf - https://godotengine.org

[   0% ] first_scan_filesystem | Started Inicialização do Projeto (5 steps)
[   0% ] first_scan_filesystem | Escaneando estrutura de arquivos...
[  16% ] first_scan_filesystem | Carregando nomes de classe globais...
[  33% ] first_scan_filesystem | Verificando GDExtensions...
[  50% ] first_scan_filesystem | Criando scripts autoload...
[  66% ] first_scan_filesystem | Inicializando plugins...
[  83% ] first_scan_filesystem | Iniciando escaneamento de arquivos...
[ DONE ] first_scan_filesystem

[   0% ] update_scripts_classes | Started Registrando classes globais... (2 steps)
[   0% ] update_scripts_classes | 
[  33% ] update_scripts_classes | 
[ DONE ] update_scripts_classes

[   0% ] _update_scan_actions | Started Escaneando ações... (89 steps)
[   0% ] _update_scan_actions | caravan-flame-runtime-states-v1.png
[   1% ] _update_scan_actions | last-camp-prop-sheet-v1.png
[   2% ] _update_scan_actions | wagon-repair-states-runtime-v1.png
[   3% ] _update_scan_actions | wagon-repair-states-runtime-v2.png
[   4% ] _update_scan_actions | lolth-drow-action-runtime-sheet-v1.png
[   5% ] _update_scan_actions | lolth-drow-aerial-runtime-sheet-v1.png
[   6% ] _update_scan_actions | lolth-drow-dash-runtime-sheet-v1.png
[   7% ] _update_scan_actions | lolth-drow-intensified-aerial-runtime-sheet-v1.png
[   8% ] _update_scan_actions | lolth-drow-intensified-motion-runtime-sheet-v1.png
[  10% ] _update_scan_actions | lolth-drow-motion-runtime-sheet-v1.png
[  11% ] _update_scan_actions | lolth-drow-runtime-sheet-v1.png
[  12% ] _update_scan_actions | lolth-elf-action-runtime-sheet-v1.png
[  13% ] _update_scan_actions | lolth-elf-aerial-runtime-sheet-v1.png
[  14% ] _update_scan_actions | lolth-elf-gameplay-poses-v1.png
[  15% ] _update_scan_actions | lolth-elf-motion-runtime-sheet-v1.png
[  16% ] _update_scan_actions | lolth-elf-motion-runtime-sheet-v2.png
[  17% ] _update_scan_actions | lolth-elf-motion-runtime-sheet-v3.png
[  18% ] _update_scan_actions | lolth-elf-runtime-sheet-v1.png
[  20% ] _update_scan_actions | lolth-elf-unified-idle-sheet-v1.png
[  21% ] _update_scan_actions | lolth-elf-unified-interaction-sheet-v1.png
[  22% ] _update_scan_actions | lolth-elf-unified-locomotion-sheet-v1.png
[  23% ] _update_scan_actions | lolth-gameplay-poses-v1.png
[  24% ] _update_scan_actions | shade-motion-runtime-sheet-v1.png
[  25% ] _update_scan_actions | shade-motion-runtime-sheet-v2.png
[  26% ] _update_scan_actions | shade-runtime-sheet-v1.png
[  27% ] _update_scan_actions | ashen-way-backdrop-runtime-v1.png
[  28% ] _update_scan_actions | ashen-way-foreground-overlay-runtime-v1.png
[  30% ] _update_scan_actions | last-threshold-backdrop-runtime-v1.png
[  31% ] _update_scan_actions | ruins-foreground-overlays-runtime-v1.png
[  32% ] _update_scan_actions | traversal-platforms-runtime-sheet-v1.png
[  33% ] _update_scan_actions | veil-ruins-backdrop-runtime-v1.png
[  34% ] _update_scan_actions | zone-ground-bands-runtime-sheet-v1.png
[  35% ] _update_scan_actions | dream-gate-runtime-v1.png
[  36% ] _update_scan_actions | mark-gates-runtime-sheet-v1.png
[  37% ] _update_scan_actions | mark-gates-runtime-sheet-v2.png
[  38% ] _update_scan_actions | salvage-pickups-runtime-sheet-v1.png
[  40% ] _update_scan_actions | salvage-pickups-runtime-sheet-v2.png
[  41% ] _update_scan_actions | action-prompts-runtime-sheet-v1.png
[  42% ] _update_scan_actions | camp-status-emblems-runtime-v1.png
[  43% ] _update_scan_actions | hud-status-icons-runtime-v1.png
[  44% ] _update_scan_actions | mark-progression-seals-runtime-v1.png
[  45% ] _update_scan_actions | passive-mission-emblems-runtime-v1.png
[  46% ] _update_scan_actions | shadow-actions-runtime-sheet-v1.png
[  47% ] _update_scan_actions | shadow-actions-runtime-sheet-v2.png
[  48% ] _update_scan_actions | shadow-mark-effects-v1.png
[  50% ] _update_scan_actions | first-drows-lineup-v1.png
[  51% ] _update_scan_actions | first-drows-portrait-sheet-v1.png
[  52% ] _update_scan_actions | first-elves-portrait-sheet-v1.png
[  53% ] _update_scan_actions | lolth-definitive-production-sheet-v1.png
[  54% ] _update_scan_actions | lolth-eight-mark-transformations-v1.png
[  55% ] _update_scan_actions | lolth-eight-mark-transformations-v2.png
[  56% ] _update_scan_actions | lolth-mark-evolution-v1.png
[  57% ] _update_scan_actions | lolth-original-elf-form-v1.png
[  58% ] _update_scan_actions | the-kiss-of-shar-storyboard-v1.png
[  60% ] _update_scan_actions | golden-city-of-dreams-v1.png
[  61% ] _update_scan_actions | shadow-crown-drow-body-shadow-form-v1.png
[  62% ] _update_scan_actions | shadow-crown-lolth-reference-v1.png
[  63% ] _update_scan_actions | shadow-crown-variant-a-v1.png
[  64% ] _update_scan_actions | shadow-crown-variant-b-v1.png
[  65% ] _update_scan_actions | the-kiss-of-shar-v1.png
[  66% ] _update_scan_actions | the-last-camp-elven-survivors-v1.png
[  67% ] _update_scan_actions | the-last-camp-elven-survivors-v2.png
[  68% ] _update_scan_actions | the-last-camp-v1.png
[  70% ] _update_scan_actions | lolth-anatomy-reference-01.png
[  71% ] _update_scan_actions | lolth-anatomy-reference-02.png
[  72% ] _update_scan_actions | lolth-anatomy-reference-03.png
[  73% ] _update_scan_actions | lolth-anatomy-reference-04.png
[  74% ] _update_scan_actions | lolth-user-reference.png
[  75% ] _update_scan_actions | phase-01-gameplay-screen-reference.png
[  76% ] _update_scan_actions | phase-01-golden-city-exodus-reference.png
[  77% ] _update_scan_actions | wagon-open-core-states-v1.png
[  78% ] _update_scan_actions | lolth-drow-core-sheet-v1.png
[  80% ] _update_scan_actions | lolth-elf-core-sheet-v1.png
[  81% ] _update_scan_actions | thalestriel-cured-assists-sheet-v1.png
[  82% ] _update_scan_actions | thalestriel-plagued-survivors-sheet-v1.png
[  83% ] _update_scan_actions | region-threats-and-bosses-v1.png
[  84% ] _update_scan_actions | stonehook-threats-core-v1.png
[  85% ] _update_scan_actions | antlered-hunger-core-v1.png
[  86% ] _update_scan_actions | briar-hound-core-v1.png
[  87% ] _update_scan_actions | stag-of-mire-core-v1.png
[  88% ] _update_scan_actions | salvage-pickups-core-v1.png
[  90% ] _update_scan_actions | shar-to-lolth-progression-v1.png
[  91% ] _update_scan_actions | survival-and-mark-icons-v1.png
[  92% ] _update_scan_actions | shadow-actions-core-v1.png
[  93% ] _update_scan_actions | shadow-web-actions-v1.png
[  94% ] _update_scan_actions | salvage-workshop-web-gates-v1.png
[  95% ] _update_scan_actions | continuous-route-atlas-v1.png
[  96% ] _update_scan_actions | stonehook-continuous-route-v1.png
[  97% ] _update_scan_actions | thornwake-continuous-ground-v1.png
[ DONE ] _update_scan_actions

[   0% ] reimport | Started (Re)Importando Recursos (89 steps)
[   0% ] reimport | Preparando arquivos para reimportação...
[   1% ] reimport | Preparando arquivos para reimportação...
[   2% ] reimport | Preparando arquivos para reimportação...
[   3% ] reimport | Preparando arquivos para reimportação...
[   4% ] reimport | Preparando arquivos para reimportação...
[   5% ] reimport | Preparando arquivos para reimportação...
[   6% ] reimport | Preparando arquivos para reimportação...
[   7% ] reimport | Preparando arquivos para reimportação...
[   8% ] reimport | Preparando arquivos para reimportação...
[  10% ] reimport | Preparando arquivos para reimportação...
[  11% ] reimport | Preparando arquivos para reimportação...
[  12% ] reimport | Preparando arquivos para reimportação...
[  13% ] reimport | Preparando arquivos para reimportação...
[  14% ] reimport | Preparando arquivos para reimportação...
[  15% ] reimport | Preparando arquivos para reimportação...
[  16% ] reimport | Preparando arquivos para reimportação...
[  17% ] reimport | Preparando arquivos para reimportação...
[  18% ] reimport | Preparando arquivos para reimportação...
[  20% ] reimport | Preparando arquivos para reimportação...
[  21% ] reimport | Preparando arquivos para reimportação...
[  22% ] reimport | Preparando arquivos para reimportação...
[  23% ] reimport | Preparando arquivos para reimportação...
[  24% ] reimport | Preparando arquivos para reimportação...
[  25% ] reimport | Preparando arquivos para reimportação...
[  26% ] reimport | Preparando arquivos para reimportação...
[  27% ] reimport | Preparando arquivos para reimportação...
[  28% ] reimport | Preparando arquivos para reimportação...
[  30% ] reimport | Preparando arquivos para reimportação...
[  31% ] reimport | Preparando arquivos para reimportação...
[  32% ] reimport | Preparando arquivos para reimportação...
[  33% ] reimport | Preparando arquivos para reimportação...
[  34% ] reimport | Preparando arquivos para reimportação...
[  35% ] reimport | Preparando arquivos para reimportação...
[  36% ] reimport | Preparando arquivos para reimportação...
[  37% ] reimport | Preparando arquivos para reimportação...
[  38% ] reimport | Preparando arquivos para reimportação...
[  40% ] reimport | Preparando arquivos para reimportação...
[  41% ] reimport | Preparando arquivos para reimportação...
[  42% ] reimport | Preparando arquivos para reimportação...
[  43% ] reimport | Preparando arquivos para reimportação...
[  44% ] reimport | Preparando arquivos para reimportação...
[  45% ] reimport | Preparando arquivos para reimportação...
[  46% ] reimport | Preparando arquivos para reimportação...
[  47% ] reimport | Preparando arquivos para reimportação...
[  48% ] reimport | Preparando arquivos para reimportação...
[  50% ] reimport | Preparando arquivos para reimportação...
[  51% ] reimport | Preparando arquivos para reimportação...
[  52% ] reimport | Preparando arquivos para reimportação...
[  53% ] reimport | Preparando arquivos para reimportação...
[  54% ] reimport | Preparando arquivos para reimportação...
[  55% ] reimport | Preparando arquivos para reimportação...
[  56% ] reimport | Preparando arquivos para reimportação...
[  57% ] reimport | Preparando arquivos para reimportação...
[  58% ] reimport | Preparando arquivos para reimportação...
[  60% ] reimport | Preparando arquivos para reimportação...
[  61% ] reimport | Preparando arquivos para reimportação...
[  62% ] reimport | Preparando arquivos para reimportação...
[  63% ] reimport | Preparando arquivos para reimportação...
[  64% ] reimport | Preparando arquivos para reimportação...
[  65% ] reimport | Preparando arquivos para reimportação...
[  66% ] reimport | Preparando arquivos para reimportação...
[  67% ] reimport | Preparando arquivos para reimportação...
[  68% ] reimport | Preparando arquivos para reimportação...
[  70% ] reimport | Preparando arquivos para reimportação...
[  71% ] reimport | Preparando arquivos para reimportação...
[  72% ] reimport | Preparando arquivos para reimportação...
[  73% ] reimport | Preparando arquivos para reimportação...
[  74% ] reimport | Preparando arquivos para reimportação...
[  75% ] reimport | Preparando arquivos para reimportação...
[  76% ] reimport | Preparando arquivos para reimportação...
[  77% ] reimport | Preparando arquivos para reimportação...
[  78% ] reimport | Preparando arquivos para reimportação...
[  80% ] reimport | Preparando arquivos para reimportação...
[  81% ] reimport | Preparando arquivos para reimportação...
[  82% ] reimport | Preparando arquivos para reimportação...
[  83% ] reimport | Preparando arquivos para reimportação...
[  84% ] reimport | Preparando arquivos para reimportação...
[  85% ] reimport | Preparando arquivos para reimportação...
[  86% ] reimport | Preparando arquivos para reimportação...
[  87% ] reimport | Preparando arquivos para reimportação...
[  88% ] reimport | Preparando arquivos para reimportação...
[  90% ] reimport | Preparando arquivos para reimportação...
[  91% ] reimport | Preparando arquivos para reimportação...
[  92% ] reimport | Preparando arquivos para reimportação...
[  93% ] reimport | Preparando arquivos para reimportação...
[  94% ] reimport | Preparando arquivos para reimportação...
[  95% ] reimport | Preparando arquivos para reimportação...
[  96% ] reimport | Preparando arquivos para reimportação...
[  97% ] reimport | Preparando arquivos para reimportação...
[   0% ] reimport | Executando operações pré-reimportação...
[   0% ] reimport | lolth-anatomy-reference-04.png
[   1% ] reimport | lolth-anatomy-reference-03.png
[   2% ] reimport | lolth-anatomy-reference-02.png
[   3% ] reimport | lolth-anatomy-reference-01.png
[   4% ] reimport | the-last-camp-v1.png
[   5% ] reimport | the-last-camp-elven-survivors-v2.png
[   6% ] reimport | the-last-camp-elven-survivors-v1.png
[   7% ] reimport | the-kiss-of-shar-v1.png
[   8% ] reimport | shadow-crown-variant-b-v1.png
[  10% ] reimport | shadow-crown-variant-a-v1.png
[  11% ] reimport | shadow-crown-lolth-reference-v1.png
[  12% ] reimport | shadow-crown-drow-body-shadow-form-v1.png
[  13% ] reimport | golden-city-of-dreams-v1.png
[  14% ] reimport | the-kiss-of-shar-storyboard-v1.png
[  15% ] reimport | lolth-original-elf-form-v1.png
[  16% ] reimport | lolth-mark-evolution-v1.png
[  17% ] reimport | lolth-eight-mark-transformations-v2.png
[  18% ] reimport | lolth-eight-mark-transformations-v1.png
[  20% ] reimport | lolth-definitive-production-sheet-v1.png
[  21% ] reimport | first-elves-portrait-sheet-v1.png
[  22% ] reimport | first-drows-portrait-sheet-v1.png
[  23% ] reimport | first-drows-lineup-v1.png
[  24% ] reimport | thornwake-continuous-ground-v1.png
[  25% ] reimport | stonehook-continuous-route-v1.png
[  26% ] reimport | continuous-route-atlas-v1.png
[  27% ] reimport | salvage-workshop-web-gates-v1.png
[  28% ] reimport | shadow-web-actions-v1.png
[  30% ] reimport | shadow-actions-core-v1.png
[  31% ] reimport | survival-and-mark-icons-v1.png
[  32% ] reimport | shar-to-lolth-progression-v1.png
[  33% ] reimport | salvage-pickups-core-v1.png
[  34% ] reimport | stag-of-mire-core-v1.png
[  35% ] reimport | briar-hound-core-v1.png
[  36% ] reimport | antlered-hunger-core-v1.png
[  37% ] reimport | stonehook-threats-core-v1.png
[  38% ] reimport | region-threats-and-bosses-v1.png
[  40% ] reimport | thalestriel-plagued-survivors-sheet-v1.png
[  41% ] reimport | thalestriel-cured-assists-sheet-v1.png
[  42% ] reimport | lolth-elf-core-sheet-v1.png
[  43% ] reimport | lolth-drow-core-sheet-v1.png
[  44% ] reimport | wagon-open-core-states-v1.png
[  45% ] reimport | phase-01-golden-city-exodus-reference.png
[  46% ] reimport | phase-01-gameplay-screen-reference.png
[  47% ] reimport | lolth-user-reference.png
[  48% ] reimport | lolth-gameplay-poses-v1.png
[  50% ] reimport | lolth-elf-unified-locomotion-sheet-v1.png
[  51% ] reimport | lolth-elf-unified-interaction-sheet-v1.png
[  52% ] reimport | lolth-elf-unified-idle-sheet-v1.png
[  53% ] reimport | lolth-elf-runtime-sheet-v1.png
[  54% ] reimport | lolth-elf-motion-runtime-sheet-v3.png
[  55% ] reimport | lolth-elf-motion-runtime-sheet-v2.png
[  56% ] reimport | lolth-elf-motion-runtime-sheet-v1.png
[  57% ] reimport | lolth-elf-gameplay-poses-v1.png
[  58% ] reimport | lolth-elf-aerial-runtime-sheet-v1.png
[  60% ] reimport | lolth-elf-action-runtime-sheet-v1.png
[  61% ] reimport | lolth-drow-runtime-sheet-v1.png
[  62% ] reimport | lolth-drow-motion-runtime-sheet-v1.png
[  63% ] reimport | lolth-drow-intensified-motion-runtime-sheet-v1.png
[  64% ] reimport | lolth-drow-intensified-aerial-runtime-sheet-v1.png
[  65% ] reimport | lolth-drow-dash-runtime-sheet-v1.png
[  66% ] reimport | lolth-drow-aerial-runtime-sheet-v1.png
[  67% ] reimport | lolth-drow-action-runtime-sheet-v1.png
[  68% ] reimport | wagon-repair-states-runtime-v2.png
[  70% ] reimport | wagon-repair-states-runtime-v1.png
[  71% ] reimport | last-camp-prop-sheet-v1.png
[  72% ] reimport | caravan-flame-runtime-states-v1.png
[  73% ] reimport | shadow-mark-effects-v1.png
[  74% ] reimport | shadow-actions-runtime-sheet-v2.png
[  75% ] reimport | shadow-actions-runtime-sheet-v1.png
[  76% ] reimport | passive-mission-emblems-runtime-v1.png
[  77% ] reimport | mark-progression-seals-runtime-v1.png
[  78% ] reimport | hud-status-icons-runtime-v1.png
[  80% ] reimport | camp-status-emblems-runtime-v1.png
[  81% ] reimport | action-prompts-runtime-sheet-v1.png
[  82% ] reimport | salvage-pickups-runtime-sheet-v2.png
[  83% ] reimport | salvage-pickups-runtime-sheet-v1.png
[  84% ] reimport | mark-gates-runtime-sheet-v2.png
[  85% ] reimport | mark-gates-runtime-sheet-v1.png
[  86% ] reimport | dream-gate-runtime-v1.png
[  87% ] reimport | zone-ground-bands-runtime-sheet-v1.png
[  88% ] reimport | veil-ruins-backdrop-runtime-v1.png
[  90% ] reimport | traversal-platforms-runtime-sheet-v1.png
[  91% ] reimport | ruins-foreground-overlays-runtime-v1.png
[  92% ] reimport | last-threshold-backdrop-runtime-v1.png
[  93% ] reimport | ashen-way-foreground-overlay-runtime-v1.png
[  94% ] reimport | ashen-way-backdrop-runtime-v1.png
[  95% ] reimport | shade-runtime-sheet-v1.png
[  96% ] reimport | shade-motion-runtime-sheet-v2.png
[  97% ] reimport | shade-motion-runtime-sheet-v1.png
[  98% ] reimport | Finalizando Importação de Recursos...
[ DONE ] reimport

[   0% ] reimport | Started (Re)Importando Recursos (89 steps)
[   0% ] reimport | Executando operações pós-reimportação...
[ DONE ] reimport

[   0% ] loading_editor_layout | Started Carregando editor (5 steps)
[   0% ] loading_editor_layout | Carregando layout do editor...
[  16% ] loading_editor_layout | Carregando abas...
[ DONE ] loading_editor_layout

