Godot Engine v4.7.2.stable.official.ed1daf0bf - https://godotengine.org
ERROR: Could not create editor data directory: C:/Users/gui-m/AppData/Roaming/Godot
   at: EditorPaths (editor/file_system/editor_paths.cpp:201)
ERROR: Could not create editor config directory: C:/Users/gui-m/AppData/Roaming/Godot
   at: EditorPaths (editor/file_system/editor_paths.cpp:216)
ERROR: Could not create editor cache directory: C:/Users/gui-m/AppData/Local/Godot
   at: EditorPaths (editor/file_system/editor_paths.cpp:237)

ERROR: Cannot open file 'C:/Users/gui-m/AppData/Local/Godot/editor_doc_cache-4.7.res'.
   at: load (core/io/resource_format_binary.cpp:1156)
ERROR: Failed loading resource: C:/Users/gui-m/AppData/Local/Godot/editor_doc_cache-4.7.res.
ERROR: Failed to read the root certificate store.
   at: _load (core/io/resource_loader.cpp:317)
   at: get_system_ca_certificates (platform/windows/os_windows.cpp:2582)
ERROR: Could not open 'user://' directory: 'user://'.
   at: _get_and_create_snapshot_storage_dir (modules/objectdb_profiler/editor/objectdb_profiler_panel.cpp:157)
ERROR: Cannot open directory 'C:/Users/gui-m/AppData/Roaming/Godot/feature_profiles'.
   at: _update_profile_list (editor/settings/editor_feature_profile.cpp:392)
[   0% ] first_scan_filesystem | Started Inicialização do Projeto (5 steps)
[   0% ] first_scan_filesystem | Escaneando estrutura de arquivos...
[  16% ] first_scan_filesystem | Carregando nomes de classe globais...
[  33% ] first_scan_filesystem | Verificando GDExtensions...
[  50% ] first_scan_filesystem | Criando scripts autoload...
[  66% ] first_scan_filesystem | Inicializando plugins...
[  83% ] first_scan_filesystem | Iniciando escaneamento de arquivos...
[ DONE ] first_scan_filesystem

[   0% ] update_scripts_classes | Started Registrando classes globais... (2 steps)
[   0% ] update_scripts_classes | 
[  33% ] update_scripts_classes | 
[ DONE ] update_scripts_classes

[   0% ] _update_scan_actions | Started Escaneando ações... (3 steps)
[   0% ] _update_scan_actions | lolth-mark-3-atlas-v1.png
[  25% ] _update_scan_actions | lolth-mark-5-atlas-v1.png
[  50% ] _update_scan_actions | lolth-mark-7-atlas-v1.png
[ DONE ] _update_scan_actions

[   0% ] reimport | Started (Re)Importando Recursos (3 steps)
[   0% ] reimport | Preparando arquivos para reimportação...
[  25% ] reimport | Preparando arquivos para reimportação...
[  50% ] reimport | Preparando arquivos para reimportação...
[   0% ] reimport | Executando operações pré-reimportação...
ERROR: Cannot create file 'C:/Users/gui-m/AppData/Local/Godot/editor_doc_cache-4.7.res'.
   at: save (core/io/resource_format_binary.cpp:2117)
ERROR: Cannot save editor help cache (C:/Users/gui-m/AppData/Local/Godot/editor_doc_cache-4.7.res).
   at: _gen_doc_thread (editor/doc/editor_help.cpp:3071)
[   0% ] reimport | lolth-mark-3-atlas-v1.png
[  25% ] reimport | lolth-mark-5-atlas-v1.png
[  50% ] reimport | lolth-mark-7-atlas-v1.png
[  75% ] reimport | Finalizando Importação de Recursos...
[ DONE ] reimport

[   0% ] reimport | Started (Re)Importando Recursos (3 steps)
[   0% ] reimport | Executando operações pós-reimportação...
[ DONE ] reimport

[   0% ] loading_editor_layout | Started Carregando editor (5 steps)
[   0% ] loading_editor_layout | Carregando layout do editor...
[  16% ] loading_editor_layout | Carregando abas...
[  33% ] loading_editor_layout | Reabrindo cenas...
[  50% ] loading_editor_layout | Carregando layout do editor central...
[  66% ] loading_editor_layout | Carregando layout da janela de plugins...
[  83% ] loading_editor_layout | Layout do editor pronto.
[ DONE ] loading_editor_layout

ERROR: Can't save resource to empty path. Provide non-empty path or a Resource with non-empty resource_path.
   at: save (core/io/resource_saver.cpp:108)
ERROR: Error saving editor settings to 
   at: save (editor/settings/editor_settings.cpp:1525)
