Godot Engine v4.7.2.stable.official.ed1daf0bf - https://godotengine.org

B08 PASS section_fixtures_ready
B08 PASS harrier_locked_contexts
B08 PASS harrier_activation_at_2600
B08 PASS both_actors_persist_oscillation_days
B08 PASS harrier_geometry_crop
B08 PASS harrier_hover_and_bob
B08 PASS harrier_reachable_in_live_flight
B08 PASS harrier_reach_matches_body
B08 PASS harrier_grounded_melee_hit_miss
B08 PASS harrier_first_thread_hit_miss
B08 PASS harrier_vertical_reach_follows_display
B08 PASS nearest_eligible_target
B08 PASS harrier_facings
B08 PASS harrier_approach_and_retreat
B08 PASS harrier_windup_locks_target
B08 PASS harrier_single_hit_per_dive
B08 PASS harrier_dash_avoids_dive
B08 PASS harrier_no_idle_contact
B08 PASS harrier_cancels_outside_foothills
B08 PASS harrier_stays_in_bounds
B08 PASS simultaneous_combat_single_hits
B08 PASS independent_defeat_and_reward
B08 PASS two_rewards_within_cap
B08 PASS cave_waves_keep_both
B08 PASS safe_capture_with_both_live
B08 PASS ore_independent_of_both
B08 PASS save_combo_neither
B08 PASS save_combo_crawler_only
B08 PASS save_combo_harrier_only
B08 PASS save_combo_both
B08 PASS f4_restores_both_exactly
B08 PASS new_run_resets_both
B08 PASS harrier_bounds_prepared_once
B08 PASS harrier_bounds_ready_before_first_frame
B08_PASS: 34/34 checks
GODOT_PROCESS PASS b08-headless: exit=0
Godot Engine v4.7.2.stable.official.ed1daf0bf - https://godotengine.org
OpenGL API 3.3.0 NVIDIA 616.92 - Compatibility - Using Device: NVIDIA - NVIDIA GeForce GTX 1650

B08RT PASS controller isolation precedes the first gameplay frame (pulse 0.000, state opening, engine frame 0 = 0)
B08RT PASS the game's first gameplay frame (engine frame 1) follows isolation (engine frame 0)
B08RT PASS synthetic 0.21 trigger and 0.35 stick noise neither dash, queue nor move Lolth
B08RT PASS fixture: legitimate first cure and safe return; no actor yet
B08RT_TRACE D frames=851 settle_frames=21 settled=true monotonic=true x=1921.4
B08RT PASS real D walk into the foothills creates the crawler but no Harrier before x=2600
B08RT_TRACE D frames=363 settle_frames=21 settled=true monotonic=true x=2652.4
B08RT PASS real D walk activates exactly one Cliff Harrier on first reaching x>=2600 (spawn at Lolth x=2601.2)
B08RT PASS day-right: Harrier body visible (0.45 of body box), claws hover at row 524 (expected 525), centered on its world x under a 1420 px view (0.5 px), clean padding (0 of 3300 pixels changed)
B08RT PASS day-left: Harrier body visible (0.45 of body box), claws hover at row 524 (expected 525), centered on its world x under a 1420 px view (0.0 px), clean padding (0 of 3300 pixels changed)
B08RT PASS day: left facing is the exact reflection of right facing around the body center (1.00 overlap)
B08RT PASS night-right: Harrier body visible (0.44 of body box), claws hover at row 524 (expected 525), centered on its world x under a 1420 px view (0.0 px), clean padding (0 of 3300 pixels changed)
B08RT PASS night-left: Harrier body visible (0.44 of body box), claws hover at row 524 (expected 525), centered on its world x under a 1420 px view (0.0 px), clean padding (0 of 3300 pixels changed)
B08RT PASS night: left facing is the exact reflection of right facing around the body center (1.00 overlap)
B08RT PASS real left-click from the ground hits the hovering Harrier inside its visible reach (113.1 px) without a hurt pose
B08RT PASS real left-click just outside the reach misses without damage or a hurt pose
B08RT PASS real C First Thread reaches the Harrier inside its range for its existing damage
B08RT PASS real C First Thread finds no target just outside its range
B08RT PASS windup shows a ground warning toward the locked target and a DIVE! label (1897 / 271 changed pixels)
B08RT PASS moving with real D during the windup does not retarget: the dive keeps its locked point and direction
B08RT PASS real Shift dash avoids the dive, which is spent without damage
B08RT PASS an unavoided dive wounds Lolth exactly once by the existing hurt (1 hurt frames)
B08RT PASS both actors strike in the same exchange; each lands at most once (2 wounds)
B08RT_TRACE D frames=105 settle_frames=21 settled=true monotonic=true x=2631.5
B08RT_TRACE A frames=1164 settle_frames=21 settled=true monotonic=true x=283.6
B08RT PASS a live foothill pair does not block the safe capture at the cave Wagon; both flags are saved
B08RT PASS real D/E/A run collects and deposits the ore once with both actors alive
B08RT_TRACE D frames=1171 settle_frames=21 settled=true monotonic=true x=2651.7
B08RT PASS a revisit meets the same two actors with their health; no copies
B08RT PASS real A retreat out of the foothills takes no damage; the Harrier stays at its patrol bound and never follows
B08RT_TRACE D frames=111 settle_frames=21 settled=true monotonic=true x=1922.0
B08RT PASS returning meets the same live Harrier with its health; no second copy
B08RT_TRACE D frames=363 settle_frames=21 settled=true monotonic=true x=2653.0
B08RT PASS walking back past x=2600 does not create another Harrier
B08RT PASS real F4 panel input (open, Mark up, restore) deep-restores both live actors, timers, positions, facings and flags
B08RT PASS restored controller bindings match the bindings before isolation
B08RT PASS real controller X attack hits the hovering Harrier inside its reach
B08RT PASS real controller right trigger dashes with restored bindings
B08RT_TRACE A frames=349 settle_frames=21 settled=true monotonic=true x=1697.2
B08RT_TRACE D frames=474 settle_frames=21 settled=true monotonic=true x=2651.8
B08RT PASS two real credited defeats pay one Echo each, once; revisits neither respawn nor repay; no progression unlock
B08RT PASS crop bounds stayed cached through rendered play (crawler scans 1, Harrier scans 1, atlas scans 22)
B08_RUNTIME_PASS: 33/33 checks
GODOT_PROCESS PASS b08-runtime: exit=0
Godot Engine v4.7.2.stable.official.ed1daf0bf - https://godotengine.org

SELF_TEST_B01_PASS: opening shell reaches the day-start cave camp with eight plagued allies and a damaged, travel-locked wagon
SELF_TEST_B02_PASS: day salvage, Wheel Kit repair, nightfall, telegraphed defense, safe camp, and pre-Mark-I resets are ready
SELF_TEST_B03_PASS: camp action starts a telegraphed Antlered Hunger; victory reaches the Xiar shell, Mark I, and exactly one cure with capped Echoes and a locked wagon (12 melee hits)
SELF_TEST_B04_PASS: safe-wagon capture, post-Mark-I restore, preserved Mark I and cure, Echo gate and cap, and travel lock are ready
SELF_TEST_B05_PASS: melee lands at visible contact, misses are distinct, and attack, dodge, and hurt visuals follow real damage
SELF_TEST_B06_PASS: legitimate on-foot departure, continuous route, fixed cave Wagon, single ore, offscreen camp, restore and new-run reset are ready (30 checks)
SELF_TEST_B07_PASS: one legitimate Scree Crawler with its own crop, telegraphed single-hit lunges, foothill bounds, cave coexistence, capped reward and consistent restoration (24 checks)
SELF_TEST_B08_PASS: one legitimate Cliff Harrier beside the Scree Crawler with its own crop, grounded reach, locked-target single-hit dives, bounds, independent rewards and four-way restoration (33 checks)
SELF_TEST_PLAYTESTER_PASS: panel pause, Mark bounds, night waves, dawn cleanup, input isolation, and exact run restoration
SELF_TEST_PASS: Thornwake, Stonehook, and Hollowroot combat, cures, web crossing, checkpoints, and chapter transitions are ready
GODOT_PROCESS PASS self-test: exit=0
Godot Engine v4.7.2.stable.official.ed1daf0bf - https://godotengine.org

B07 PASS section_fixtures_ready
B07 PASS locked_contexts_no_crawler
B07 PASS legit_entry_spawns_one
B07 PASS oscillation_and_days_keep_actor
B07 PASS geometry_crawler_crop
B07 PASS reach_matches_body
B07 PASS melee_hit_and_miss
B07 PASS first_thread_hit_and_miss
B07 PASS windup_precedes_strike
B07 PASS single_hit_per_strike
B07 PASS dash_avoids_strike
B07 PASS retreat_cancels_pending_strike
B07 PASS crawler_stays_in_foothills
B07 PASS crawler_does_not_stall_waves
B07 PASS offscreen_stag_with_crawler
B07 PASS safe_capture_with_live_crawler
B07 PASS ore_independent_of_crawler
B07 PASS reward_once_within_cap
B07 PASS failure_rolls_back_together
B07 PASS undefeated_recreated_once
B07 PASS saved_defeat_stays_defeated
B07 PASS f4_exact_restore
B07 PASS new_run_resets_encounter
B07 PASS bounds_prepared_once
B07_PASS: 24/24 checks
GODOT_PROCESS PASS b07-headless: exit=0
Godot Engine v4.7.2.stable.official.ed1daf0bf - https://godotengine.org
OpenGL API 3.3.0 NVIDIA 616.92 - Compatibility - Using Device: NVIDIA - NVIDIA GeForce GTX 1650

B07RT PASS controller isolation precedes the first gameplay frame (pulse 0.000, state opening, engine frame 0 = 0)
B07RT PASS the game's first gameplay frame (engine frame 1) follows isolation (engine frame 0)
B07RT PASS synthetic 0.21 trigger and 0.35 stick noise neither dash, queue nor move Lolth
B07RT PASS fixture: legitimate first cure and safe return, no crawler yet
B07RT_TRACE D frames=849 settle_frames=21 settled=true monotonic=true x=1921.6
B07RT PASS real D walk enters the foothills and creates exactly one identified crawler
B07RT PASS day-right: crawler body visible (0.56 of body box), grounded (lowest row 555), centered on its world x under a 1410 px view (0.0 px), clean padding (0 of 4440 pixels changed)
B07RT PASS day-left: crawler body visible (0.56 of body box), grounded (lowest row 555), centered on its world x under a 1410 px view (0.0 px), clean padding (0 of 4440 pixels changed)
B07RT PASS day: left facing is the exact reflection of right facing around the body center (0.99 overlap)
B07RT PASS night-right: crawler body visible (0.56 of body box), grounded (lowest row 555), centered on its world x under a 1410 px view (0.0 px), clean padding (0 of 4440 pixels changed)
B07RT PASS night-left: crawler body visible (0.56 of body box), grounded (lowest row 555), centered on its world x under a 1410 px view (0.0 px), clean padding (0 of 4440 pixels changed)
B07RT PASS night: left facing is the exact reflection of right facing around the body center (0.99 overlap)
B07RT PASS real left-click hits the crawler inside its visible reach (134.1 px) without a hurt pose
B07RT PASS real left-click just outside the reach misses without damage or a hurt pose
B07RT PASS real C First Thread hits inside its range for its existing damage
B07RT PASS real C First Thread finds no target just outside its range
B07RT PASS windup shows a ground warning toward Lolth and a LUNGE! label (1130 / 366 changed pixels)
B07RT PASS real Shift dash avoids the lunge, which is spent without damage
B07RT PASS an unavoided lunge wounds Lolth exactly once by the existing hurt (1 hurt frames)
B07RT PASS real A retreat from inside a windup takes no damage; the crawler never leaves its patrol (outcome: strike)
B07RT_TRACE A frames=703 settle_frames=21 settled=true monotonic=true x=282.4
B07RT PASS real A return reaches the cave Wagon; a live foothill crawler does not block the safe capture
B07RT_TRACE D frames=814 settle_frames=21 settled=true monotonic=true x=1921.7
B07RT PASS real D revisit finds the same live crawler with its health; no second copy
B07RT PASS restored controller bindings match the bindings before isolation
B07RT PASS real controller X attack hits the crawler inside its reach
B07RT PASS real controller right trigger dashes with restored bindings
B07RT_TRACE D frames=363 settle_frames=21 settled=true monotonic=true x=2631.1
B07RT_TRACE A frames=463 settle_frames=21 settled=true monotonic=true x=1697.0
B07RT PASS real D/E/A run collects the ore past the live crawler and leaves alive (health 2/3)
B07RT_TRACE D frames=112 settle_frames=21 settled=true monotonic=true x=1922.6
B07RT PASS returning after the ore run meets the same crawler; no second copy
B07RT_TRACE A frames=339 settle_frames=21 settled=true monotonic=true x=1697.3
B07RT_TRACE D frames=111 settle_frames=21 settled=true monotonic=true x=1922.7
B07RT PASS a real credited defeat pays one Echo once; revisits do not respawn or pay again
B07RT PASS crop bounds stayed cached through rendered play (encounter scans 1, atlas scans 22)
B07_RUNTIME_PASS: 28/28 checks
GODOT_PROCESS PASS b07-runtime: exit=0
Godot Engine v4.7.2.stable.official.ed1daf0bf - https://godotengine.org

B06 PASS new_run_ore_ready
B06 PASS new_run_blocked
B06 PASS pre_boss_blocked
B06 PASS uncured_mark_blocked
B06 PASS unsecured_blocked
B06 PASS debug_mark_blocked
B06 PASS legit_departure_allowed
B06 PASS full_route_outward
B06 PASS hub_fixed
B06 PASS remote_wagon_blocked
B06 PASS remote_no_capture
B06 PASS remote_inventory_opens
B06 PASS ore_full_load_retained
B06 PASS ore_collected_once
B06 PASS border_no_respawn
B06 PASS foothill_rollback
B06 PASS return_captures
B06 PASS full_stock_retains_ore
B06 PASS ore_deposited_once
B06 PASS recapture_consistent
B06 PASS deposit_survives_restore
B06 PASS offscreen_clock_runs
B06 PASS enemy_keeps_origin
B06 PASS offscreen_stag_damage
B06 PASS offscreen_terminal_restore
B06 PASS f4_override_gate
B06 PASS f4_exact_restore
B06 PASS no_progression_unlock
B06 PASS camera_offset_combat
B06 PASS new_run_resets
B06_PASS: 30/30 checks
GODOT_PROCESS PASS b06-headless: exit=0
Godot Engine v4.7.2.stable.official.ed1daf0bf - https://godotengine.org
OpenGL API 3.3.0 NVIDIA 616.92 - Compatibility - Using Device: NVIDIA - NVIDIA GeForce GTX 1650

B06RT FAIL cave view at zero offset matches the pre-B-06 build (day, 292 differing pixels)
B06RT FAIL cave view at zero offset matches the pre-B-06 build (night, 292 differing pixels)
B06RT FAIL cave view at zero offset matches the pre-B-06 build (secured, 292 differing pixels)
B06RT PASS world translation keeps right-facing Lolth, enemies, labels and bars identical on screen (0 differing pixels)
B06RT PASS world marker after reflected sprites and screen marker stay in place (right)
B06RT PASS world translation keeps left-facing Lolth, enemies, labels and bars identical on screen (0 differing pixels)
B06RT PASS world marker after reflected sprites and screen marker stay in place (left)
B06RT PASS control: a 0.21 trigger queued before isolation still dashes after a late suspension
B06RT PASS controller isolation starts before the first journey frame: a 0.21 trigger at the boundary neither queues nor performs a dash
B06RT PASS legitimate first cure and safe return open the on-foot route
B06RT_TRACE D frames=1386 settle_frames=21 settled=true monotonic=true step_ok=true camera_ok=true context_ok=true max_step=40.26 max_step_ratio=1.000
B06RT PASS real D input reaches the far foothill limit
B06RT PASS outward motion has no reset, jump, region screen or floor change
B06RT PASS view offset stays zero while Lolth is inside the cave window
B06RT PASS displayed region crosses Thornwake, the approach and the foothills
B06RT PASS Wagon and family keep one cave anchor while Lolth is away
B06RT_TRACE A frames=179 settle_frames=21 settled=true monotonic=true step_ok=true camera_ok=true context_ok=true max_step=42.09 max_step_ratio=1.000
B06RT PASS real E collects the single foothill ore
B06RT PASS a second E press finds nothing more
B06RT PASS M cannot open the Wagon from the foothills
B06RT PASS I opens Lolth's inventory away from the Wagon and pauses the world
B06RT PASS Esc closes the inventory
B06RT PASS left-click in the foothills swings without a target or a world interaction
B06RT_TRACE A frames=1181 settle_frames=21 settled=true monotonic=true step_ok=true camera_ok=true context_ok=true max_step=2.01 max_step_ratio=1.000
B06RT PASS real A input returns along the same route to the cave Wagon
B06RT PASS arrival secures a consistent snapshot with the carried ore
B06RT PASS real E deposits the ore once at the cave Wagon
B06RT_TRACE D frames=1004 settle_frames=21 settled=true monotonic=true step_ok=true camera_ok=true context_ok=true max_step=41.01 max_step_ratio=1.000
B06RT PASS the cave Stag telegraphs and damages the Wagon while Lolth stays in the foothills
B06RT PASS Wagon destruction away from the cave reaches the defeat card
B06RT PASS E restores the cave snapshot with Mark I, the cure and one ore
B06RT_TRACE D frames=438 settle_frames=21 settled=true monotonic=true step_ok=true camera_ok=true context_ok=true max_step=2.01 max_step_ratio=1.000
B06RT PASS left-click melee and C First Thread hit by world position under a 252 px view offset
B06RT PASS M near the Thornwake border still cannot open the Wagon
B06RT PASS repeated suspension keeps every saved controller binding through restoration
B06RT PASS restored controller bindings dash again on a synthetic right trigger
B06RT PASS readability pass stays out of the closed route, the cave view and unoccluded foothills
B06RT PASS Lolth stays readable through the foreground at day-1280-right (visibility 0.85 of unoccluded)
B06RT PASS Lolth stays readable through the foreground at day-1280-left (visibility 0.87 of unoccluded)
B06RT PASS Lolth stays readable through the foreground at day-2998-right (visibility 0.72 of unoccluded)
B06RT PASS Lolth stays readable through the foreground at day-2998-left (visibility 0.75 of unoccluded)
B06RT PASS Lolth stays readable through the foreground at night-1280-right (visibility 0.84 of unoccluded)
B06RT PASS Lolth stays readable through the foreground at night-1280-left (visibility 0.85 of unoccluded)
B06RT PASS Lolth stays readable through the foreground at night-2998-right (visibility 0.74 of unoccluded)
B06RT PASS Lolth stays readable through the foreground at night-2998-left (visibility 0.79 of unoccluded)
B06RT PASS frozen day capture at x=1000 uses view offset 80
B06RT PASS frozen day capture at x=1280 uses view offset 360
B06RT PASS frozen day capture at x=1520 uses view offset 600
B06RT PASS frozen day capture at x=1760 uses view offset 840
B06RT PASS frozen day capture at x=2400 uses view offset 1480
B06RT PASS frozen night capture at x=1000 uses view offset 80
B06RT PASS frozen night capture at x=1280 uses view offset 360
B06RT PASS frozen night capture at x=1520 uses view offset 600
B06RT PASS frozen night capture at x=1760 uses view offset 840
B06RT PASS frozen night capture at x=2400 uses view offset 1480
B06RT PASS HUD title stays fixed in screen space at every position
B06RT PASS no visible cut at the x=1280 seam (0.0006 vs typical 0.0128)
B06RT PASS no visible cut at the x=1760 seam (0.0023 vs typical 0.0158)
B06_RUNTIME_FAIL: 50/53 checks
GODOT_PROCESS FAIL b06-runtime: exit=1
Godot Engine v4.7.2.stable.official.ed1daf0bf - https://godotengine.org
OpenGL API 3.3.0 NVIDIA 616.92 - Compatibility - Using Device: NVIDIA - NVIDIA GeForce GTX 1650

COMBAT_ISOLATION PASS: removed 7 joypad motion bindings before gameplay=true (game pulse 0.000, state opening, engine frame 0, added at 0); 0.21 trigger matched dash before=true after=false; button bindings kept=true
RUNTIME PASS F4 Next night spawns a Briar Hound
DODGE gap=449 enemy_hp=1 lolth_hp=3.0 pose=dodge hurt_overlay=false vfx=dash msg=NOLF DODGES
RUNTIME PASS dodge shows the dodge pose and dash effect without hurt (Lolth 3.0 -> 3.0)
HIT_BEFORE gap=79 enemy_hp=1 lolth_hp=3.0 pose=walk hurt_overlay=false vfx=dash msg=NOLF DODGES
HIT_AFTER gap=75 enemy_hp=0 lolth_hp=3.0 pose=strike hurt_overlay=false vfx=strike msg=WAVE 1/2 CLEARED - Next threat in 3.
RUNTIME PASS attack pressed at 79 px visible contact damages the hound (1 -> 0), Lolth 3.0 -> 3.0
RUNTIME PASS the defeated hound grants no Echo before Mark I
RUNTIME PASS night wave advances to the Stag of Mire (wave 2)
MISS gap=202 enemy_hp=2 lolth_hp=3.0 pose=strike hurt_overlay=false vfx=swing msg=Out of reach — step closer to strike the STAG OF MIRE.
RUNTIME PASS attack at 206 px misses the stag (2 -> 2) with a distinct swing
RUNTIME PASS real presses defeat the stag (2 presses) and clear the night (phase safe_camp)
HURT gap=34 enemy_hp=1 lolth_hp=2.0 pose=hurt hurt_overlay=true vfx=strike msg=Nolf is wounded.
RUNTIME PASS a real hound strike lowers Lolth (3.0 -> 2.0) and shows the hurt pose and overlay
RUNTIME PASS playtester restore returns to the original run
B05_RUNTIME_PASS: 0 failures
GODOT_PROCESS PASS combat: exit=0
Godot Engine v4.7.2.stable.official.ed1daf0bf - https://godotengine.org
OpenGL API 3.3.0 NVIDIA 616.92 - Compatibility - Using Device: NVIDIA - NVIDIA GeForce GTX 1650

COMBAT_ISOLATION PASS: removed 7 joypad motion bindings before gameplay=true (game pulse 0.000, state opening, engine frame 0, added at 0); 0.21 trigger matched dash before=true after=false; button bindings kept=true
RUNTIME PASS F4 Next night spawns a Briar Hound
DODGE gap=449 enemy_hp=1 lolth_hp=3.0 pose=dodge hurt_overlay=false vfx=dash msg=NOLF DODGES
RUNTIME PASS dodge shows the dodge pose and dash effect without hurt (Lolth 3.0 -> 3.0)
HIT_BEFORE gap=78 enemy_hp=1 lolth_hp=3.0 pose=walk hurt_overlay=false vfx=dash msg=NOLF DODGES
HIT_AFTER gap=75 enemy_hp=0 lolth_hp=3.0 pose=strike hurt_overlay=false vfx=strike msg=WAVE 1/2 CLEARED - Next threat in 3.
RUNTIME PASS attack pressed at 78 px visible contact damages the hound (1 -> 0), Lolth 3.0 -> 3.0
RUNTIME PASS the defeated hound grants no Echo before Mark I
RUNTIME PASS night wave advances to the Stag of Mire (wave 2)
MISS gap=203 enemy_hp=2 lolth_hp=3.0 pose=strike hurt_overlay=false vfx=swing msg=Out of reach — step closer to strike the STAG OF MIRE.
RUNTIME PASS attack at 208 px misses the stag (2 -> 2) with a distinct swing
RUNTIME PASS real presses defeat the stag (2 presses) and clear the night (phase safe_camp)
HURT gap=33 enemy_hp=1 lolth_hp=2.0 pose=hurt hurt_overlay=true vfx=strike msg=Nolf is wounded.
RUNTIME PASS a real hound strike lowers Lolth (3.0 -> 2.0) and shows the hurt pose and overlay
RUNTIME PASS playtester restore returns to the original run
B05_RUNTIME_PASS: 0 failures
GODOT_PROCESS PASS combat-noise: exit=0
Godot Engine v4.7.2.stable.official.ed1daf0bf - https://godotengine.org
OpenGL API 3.3.0 NVIDIA 616.92 - Compatibility - Using Device: NVIDIA - NVIDIA GeForce GTX 1650

MENU_ISOLATION PASS: removed 7 joypad motion bindings before the first frame; synthetic button bindings kept=true
LOCAL PASS gameplay left-click does not advance the opening
LOCAL PASS E advances narrative confirmation
LOCAL PASS E collects without attacking the overlapping enemy
LOCAL PASS left-click attacks without collecting
LOCAL PASS I opens carried inventory away from the Wagon
LOCAL PASS inventory pauses world time and survival
LOCAL PASS inventory selection click cannot attack or duplicate items
LOCAL PASS closing inventory consumes the click
LOCAL PASS M cannot open the Wagon away from camp
LOCAL PASS M opens the Wagon near camp
LOCAL PASS Wagon storage moves one existing item without duplication
LOCAL PASS menu crafting preserves the Wheel Kit tutorial
LOCAL PASS Allies lists all eight with locked Thornwake assignments
LOCAL PASS callbacks cannot bypass cave role locks
LOCAL PASS direct ally-management shortcuts are retired
LOCAL PASS controller opens inventory away from camp
LOCAL PASS controller opens Wagon near camp
LOCAL PASS F4 closes management so panels cannot overlap
LOCAL PASS F4 snapshot excludes UI nodes and input queues
LOCAL PASS Shift remains dash at higher inspected Marks
LOCAL PASS F4 restores prior state without duplicating inventory
LOCAL PASS empty melee swing remains visible and deals no damage
LOCAL PASS right-click parry remains reserved and inactive
LOCAL PASS dash raster has no extra atlas overlay
LOCAL PASS Briar Hound uses 160 px height and shared-outline reach
LOCAL PASS Stag uses 200 px cell
LOCAL PASS boss uses 260 px cell
LOCAL PASS Space jumps with real keyboard input
LOCAL PASS J provides independent keyboard melee
LOCAL PASS controller left face attacks
LOCAL PASS controller top face collects without attacking
LOCAL PASS menu callbacks retain the two-post cap
LOCAL PASS menu recall returns an existing post
LOCAL_CONTROLS_PASS: 33/33 checks
GODOT_PROCESS PASS menus: exit=0
Godot Engine v4.7.2.stable.official.ed1daf0bf - https://godotengine.org
OpenGL API 3.3.0 NVIDIA 616.92 - Compatibility - Using Device: NVIDIA - NVIDIA GeForce GTX 1650

GEOMETRY PASS startup prepares all 22 runtime cells
GEOMETRY_PREPARE: cells=22 time_ms=655.789
GEOMETRY PASS BRIAR HOUND frame 0 source/aspect
GEOMETRY PASS BRIAR HOUND frame 0 native outline/centering/floor
GEOMETRY PASS BRIAR HOUND frame 0 native shared reach
GEOMETRY PASS BRIAR HOUND frame 1 source/aspect
GEOMETRY PASS BRIAR HOUND frame 1 native outline/centering/floor
GEOMETRY PASS BRIAR HOUND frame 1 native shared reach
GEOMETRY PASS BRIAR HOUND frame 2 source/aspect
GEOMETRY PASS BRIAR HOUND frame 2 native outline/centering/floor
GEOMETRY PASS BRIAR HOUND frame 2 native shared reach
GEOMETRY PASS BRIAR HOUND frame 3 source/aspect
GEOMETRY PASS BRIAR HOUND frame 3 native outline/centering/floor
GEOMETRY PASS BRIAR HOUND frame 3 native shared reach
GEOMETRY PASS STAG OF MIRE frame 0 source/aspect
GEOMETRY PASS STAG OF MIRE frame 0 native outline/centering/floor
GEOMETRY PASS STAG OF MIRE frame 0 native shared reach
GEOMETRY PASS STAG OF MIRE frame 1 source/aspect
GEOMETRY PASS STAG OF MIRE frame 1 native outline/centering/floor
GEOMETRY PASS STAG OF MIRE frame 1 native shared reach
GEOMETRY PASS STAG OF MIRE frame 2 source/aspect
GEOMETRY PASS STAG OF MIRE frame 2 native outline/centering/floor
GEOMETRY PASS STAG OF MIRE frame 2 native shared reach
GEOMETRY PASS STAG OF MIRE frame 3 source/aspect
GEOMETRY PASS STAG OF MIRE frame 3 native outline/centering/floor
GEOMETRY PASS STAG OF MIRE frame 3 native shared reach
GEOMETRY PASS ANTLERED HUNGER frame 0 source/aspect
GEOMETRY PASS ANTLERED HUNGER frame 0 native outline/centering/floor
GEOMETRY PASS ANTLERED HUNGER frame 0 native shared reach
GEOMETRY PASS ANTLERED HUNGER frame 1 source/aspect
GEOMETRY PASS ANTLERED HUNGER frame 1 native outline/centering/floor
GEOMETRY PASS ANTLERED HUNGER frame 1 native shared reach
GEOMETRY PASS ANTLERED HUNGER frame 2 source/aspect
GEOMETRY PASS ANTLERED HUNGER frame 2 native outline/centering/floor
GEOMETRY PASS ANTLERED HUNGER frame 2 native shared reach
GEOMETRY PASS ANTLERED HUNGER frame 3 source/aspect
GEOMETRY PASS ANTLERED HUNGER frame 3 native outline/centering/floor
GEOMETRY PASS ANTLERED HUNGER frame 3 native shared reach
GEOMETRY PASS BRIAR HOUND native boundary hits
GEOMETRY PASS BRIAR HOUND outside native boundary misses
GEOMETRY_BOUNDARY: BRIAR HOUND last_hit=122
GEOMETRY PASS STAG OF MIRE native boundary hits
GEOMETRY PASS STAG OF MIRE outside native boundary misses
GEOMETRY_BOUNDARY: STAG OF MIRE last_hit=160
GEOMETRY PASS ANTLERED HUNGER native boundary hits
GEOMETRY PASS ANTLERED HUNGER outside native boundary misses
GEOMETRY_BOUNDARY: ANTLERED HUNGER last_hit=167
GEOMETRY PASS enlarged visual overlap does not rebalance contact damage
GEOMETRY PASS existing close contact still causes genuine damage
GEOMETRY PASS frames/waves/boss/attacks perform zero gameplay pixel scans
GEOMETRY_PASS: 46/46 checks fault=
GODOT_PROCESS PASS geometry: exit=0
Godot Engine v4.7.2.stable.official.ed1daf0bf - https://godotengine.org

FACING PASS all 22 atlas cells are prepared
FACING PASS BRIAR HOUND spawn faces its left target
FACING PASS BRIAR HOUND spawn faces its right target
FACING PASS BRIAR HOUND moves/faces -1.0
FACING PASS BRIAR HOUND moves/faces 1.0
FACING PASS BRIAR HOUND windup locks -1.0 despite target crossing
FACING PASS BRIAR HOUND strike moves/faces locked -1.0
FACING PASS BRIAR HOUND windup locks 1.0 despite target crossing
FACING PASS BRIAR HOUND strike moves/faces locked 1.0
FACING PASS BRIAR HOUND stationary recovery retains facing
FACING PASS BRIAR HOUND defeated retains position and facing
FACING PASS STAG OF MIRE spawn faces its left target
FACING PASS STAG OF MIRE spawn faces its right target
FACING PASS STAG OF MIRE moves/faces -1.0
FACING PASS STAG OF MIRE moves/faces 1.0
FACING PASS STAG OF MIRE windup locks -1.0 despite target crossing
FACING PASS STAG OF MIRE strike moves/faces locked -1.0
FACING PASS STAG OF MIRE windup locks 1.0 despite target crossing
FACING PASS STAG OF MIRE strike moves/faces locked 1.0
FACING PASS STAG OF MIRE stationary recovery retains facing
FACING PASS STAG OF MIRE defeated retains position and facing
FACING PASS ANTLERED HUNGER spawn faces its left target
FACING PASS ANTLERED HUNGER spawn faces its right target
FACING PASS ANTLERED HUNGER moves/faces -1.0
FACING PASS ANTLERED HUNGER moves/faces 1.0
FACING PASS ANTLERED HUNGER windup locks -1.0 despite target crossing
FACING PASS ANTLERED HUNGER strike moves/faces locked -1.0
FACING PASS ANTLERED HUNGER windup locks 1.0 despite target crossing
FACING PASS ANTLERED HUNGER strike moves/faces locked 1.0
FACING PASS ANTLERED HUNGER stationary recovery retains facing
FACING PASS ANTLERED HUNGER defeated retains position and facing
FACING PASS zero horizontal distance does not flicker
FACING PASS legacy dictionary fallback uses locked attack direction
FACING PASS legacy dictionary fallback faces target
FACING PASS generic spawn faces right target
FACING PASS generic negative-speed retreat faces actual left movement
FACING PASS generic forward pursuit also faces left
FACING PASS clamped zero-motion retains facing
FACING PASS F4 deep snapshot restores enemy facing
FACING PASS safe-wagon restore clears threats and preserves Mark/cure
FACING PASS BRIAR HOUND frame 0 mirrored geometry/feet/reach unchanged
FACING PASS BRIAR HOUND frame 1 mirrored geometry/feet/reach unchanged
FACING PASS BRIAR HOUND frame 2 mirrored geometry/feet/reach unchanged
FACING PASS BRIAR HOUND frame 3 mirrored geometry/feet/reach unchanged
FACING PASS STAG OF MIRE frame 0 mirrored geometry/feet/reach unchanged
FACING PASS STAG OF MIRE frame 1 mirrored geometry/feet/reach unchanged
FACING PASS STAG OF MIRE frame 2 mirrored geometry/feet/reach unchanged
FACING PASS STAG OF MIRE frame 3 mirrored geometry/feet/reach unchanged
FACING PASS ANTLERED HUNGER frame 0 mirrored geometry/feet/reach unchanged
FACING PASS ANTLERED HUNGER frame 1 mirrored geometry/feet/reach unchanged
FACING PASS ANTLERED HUNGER frame 2 mirrored geometry/feet/reach unchanged
FACING PASS ANTLERED HUNGER frame 3 mirrored geometry/feet/reach unchanged
FACING PASS BRIAR HOUND -1.0-side hit boundary
FACING PASS BRIAR HOUND -1.0-side miss boundary
FACING PASS BRIAR HOUND 1.0-side hit boundary
FACING PASS BRIAR HOUND 1.0-side miss boundary
FACING PASS STAG OF MIRE -1.0-side hit boundary
FACING PASS STAG OF MIRE -1.0-side miss boundary
FACING PASS STAG OF MIRE 1.0-side hit boundary
FACING PASS STAG OF MIRE 1.0-side miss boundary
FACING PASS ANTLERED HUNGER -1.0-side hit boundary
FACING PASS ANTLERED HUNGER -1.0-side miss boundary
FACING PASS ANTLERED HUNGER 1.0-side hit boundary
FACING PASS ANTLERED HUNGER 1.0-side miss boundary
FACING PASS facing changes add zero alpha scans
FACING_PASS: 65/65 checks fault=
GODOT_PROCESS PASS facing-headless: exit=0
Godot Engine v4.7.2.stable.official.ed1daf0bf - https://godotengine.org
OpenGL API 3.3.0 NVIDIA 616.92 - Compatibility - Using Device: NVIDIA - NVIDIA GeForce GTX 1650

FACING PASS all 22 atlas cells are prepared
FACING PASS BRIAR HOUND spawn faces its left target
FACING PASS BRIAR HOUND spawn faces its right target
FACING PASS BRIAR HOUND moves/faces -1.0
FACING PASS BRIAR HOUND moves/faces 1.0
FACING PASS BRIAR HOUND windup locks -1.0 despite target crossing
FACING PASS BRIAR HOUND strike moves/faces locked -1.0
FACING PASS BRIAR HOUND windup locks 1.0 despite target crossing
FACING PASS BRIAR HOUND strike moves/faces locked 1.0
FACING PASS BRIAR HOUND stationary recovery retains facing
FACING PASS BRIAR HOUND defeated retains position and facing
FACING PASS STAG OF MIRE spawn faces its left target
FACING PASS STAG OF MIRE spawn faces its right target
FACING PASS STAG OF MIRE moves/faces -1.0
FACING PASS STAG OF MIRE moves/faces 1.0
FACING PASS STAG OF MIRE windup locks -1.0 despite target crossing
FACING PASS STAG OF MIRE strike moves/faces locked -1.0
FACING PASS STAG OF MIRE windup locks 1.0 despite target crossing
FACING PASS STAG OF MIRE strike moves/faces locked 1.0
FACING PASS STAG OF MIRE stationary recovery retains facing
FACING PASS STAG OF MIRE defeated retains position and facing
FACING PASS ANTLERED HUNGER spawn faces its left target
FACING PASS ANTLERED HUNGER spawn faces its right target
FACING PASS ANTLERED HUNGER moves/faces -1.0
FACING PASS ANTLERED HUNGER moves/faces 1.0
FACING PASS ANTLERED HUNGER windup locks -1.0 despite target crossing
FACING PASS ANTLERED HUNGER strike moves/faces locked -1.0
FACING PASS ANTLERED HUNGER windup locks 1.0 despite target crossing
FACING PASS ANTLERED HUNGER strike moves/faces locked 1.0
FACING PASS ANTLERED HUNGER stationary recovery retains facing
FACING PASS ANTLERED HUNGER defeated retains position and facing
FACING PASS zero horizontal distance does not flicker
FACING PASS legacy dictionary fallback uses locked attack direction
FACING PASS legacy dictionary fallback faces target
FACING PASS generic spawn faces right target
FACING PASS generic negative-speed retreat faces actual left movement
FACING PASS generic forward pursuit also faces left
FACING PASS clamped zero-motion retains facing
FACING PASS F4 deep snapshot restores enemy facing
FACING PASS safe-wagon restore clears threats and preserves Mark/cure
FACING PASS BRIAR HOUND frame 0 mirrored geometry/feet/reach unchanged
FACING PASS BRIAR HOUND frame 0 raster is horizontal reflection
FACING PASS BRIAR HOUND frame 0 labels/bars stay unmirrored
FACING PASS BRIAR HOUND frame 0 subsequent world marker stays fixed
FACING PASS BRIAR HOUND frame 1 mirrored geometry/feet/reach unchanged
FACING PASS BRIAR HOUND frame 1 raster is horizontal reflection
FACING PASS BRIAR HOUND frame 1 labels/bars stay unmirrored
FACING PASS BRIAR HOUND frame 1 subsequent world marker stays fixed
FACING PASS BRIAR HOUND frame 2 mirrored geometry/feet/reach unchanged
FACING PASS BRIAR HOUND frame 2 raster is horizontal reflection
FACING PASS BRIAR HOUND frame 2 labels/bars stay unmirrored
FACING PASS BRIAR HOUND frame 2 subsequent world marker stays fixed
FACING PASS BRIAR HOUND frame 3 mirrored geometry/feet/reach unchanged
FACING PASS BRIAR HOUND frame 3 raster is horizontal reflection
FACING PASS BRIAR HOUND frame 3 labels/bars stay unmirrored
FACING PASS BRIAR HOUND frame 3 subsequent world marker stays fixed
FACING PASS STAG OF MIRE frame 0 mirrored geometry/feet/reach unchanged
FACING PASS STAG OF MIRE frame 0 raster is horizontal reflection
FACING PASS STAG OF MIRE frame 0 labels/bars stay unmirrored
FACING PASS STAG OF MIRE frame 0 subsequent world marker stays fixed
FACING PASS STAG OF MIRE frame 1 mirrored geometry/feet/reach unchanged
FACING PASS STAG OF MIRE frame 1 raster is horizontal reflection
FACING PASS STAG OF MIRE frame 1 labels/bars stay unmirrored
FACING PASS STAG OF MIRE frame 1 subsequent world marker stays fixed
FACING PASS STAG OF MIRE frame 2 mirrored geometry/feet/reach unchanged
FACING PASS STAG OF MIRE frame 2 raster is horizontal reflection
FACING PASS STAG OF MIRE frame 2 labels/bars stay unmirrored
FACING PASS STAG OF MIRE frame 2 subsequent world marker stays fixed
FACING PASS STAG OF MIRE frame 3 mirrored geometry/feet/reach unchanged
FACING PASS STAG OF MIRE frame 3 raster is horizontal reflection
FACING PASS STAG OF MIRE frame 3 labels/bars stay unmirrored
FACING PASS STAG OF MIRE frame 3 subsequent world marker stays fixed
FACING PASS ANTLERED HUNGER frame 0 mirrored geometry/feet/reach unchanged
FACING PASS ANTLERED HUNGER frame 0 raster is horizontal reflection
FACING PASS ANTLERED HUNGER frame 0 labels/bars stay unmirrored
FACING PASS ANTLERED HUNGER frame 0 subsequent world marker stays fixed
FACING PASS ANTLERED HUNGER frame 1 mirrored geometry/feet/reach unchanged
FACING PASS ANTLERED HUNGER frame 1 raster is horizontal reflection
FACING PASS ANTLERED HUNGER frame 1 labels/bars stay unmirrored
FACING PASS ANTLERED HUNGER frame 1 subsequent world marker stays fixed
FACING PASS ANTLERED HUNGER frame 2 mirrored geometry/feet/reach unchanged
FACING PASS ANTLERED HUNGER frame 2 raster is horizontal reflection
FACING PASS ANTLERED HUNGER frame 2 labels/bars stay unmirrored
FACING PASS ANTLERED HUNGER frame 2 subsequent world marker stays fixed
FACING PASS ANTLERED HUNGER frame 3 mirrored geometry/feet/reach unchanged
FACING PASS ANTLERED HUNGER frame 3 raster is horizontal reflection
FACING PASS ANTLERED HUNGER frame 3 labels/bars stay unmirrored
FACING PASS ANTLERED HUNGER frame 3 subsequent world marker stays fixed
FACING PASS BRIAR HOUND -1.0-side hit boundary
FACING PASS BRIAR HOUND -1.0-side miss boundary
FACING PASS BRIAR HOUND 1.0-side hit boundary
FACING PASS BRIAR HOUND 1.0-side miss boundary
FACING PASS STAG OF MIRE -1.0-side hit boundary
FACING PASS STAG OF MIRE -1.0-side miss boundary
FACING PASS STAG OF MIRE 1.0-side hit boundary
FACING PASS STAG OF MIRE 1.0-side miss boundary
FACING PASS ANTLERED HUNGER -1.0-side hit boundary
FACING PASS ANTLERED HUNGER -1.0-side miss boundary
FACING PASS ANTLERED HUNGER 1.0-side hit boundary
FACING PASS ANTLERED HUNGER 1.0-side miss boundary
FACING PASS facing changes add zero alpha scans
FACING_OVERVIEW: sprite_changes=87911 outside=0 bounds=(1280, 720)..(0, 0) allowed=[[P: (408.4689, 404.4418), S: (160.0, 160.0)], [P: (411.5311, 404.4418), S: (160.0, 160.0)], [P: (556.298, 355.0), S: (400.4515, 200.0)], [P: (603.2505, 355.0), S: (400.4515, 200.0)], [P: (943.7799, 295.0), S: (260.0, 260.0)], [P: (956.2201, 295.0), S: (260.0, 260.0)]]
FACING PASS production scene changes only enemy sprites, not Lolth/HUD/wagon/background
FACING_PASS: 102/102 checks fault=
GODOT_PROCESS PASS facing-normal: exit=0
Godot Engine v4.7.2.stable.official.ed1daf0bf - https://godotengine.org
OpenGL API 3.3.0 NVIDIA 616.92 - Compatibility - Using Device: NVIDIA - NVIDIA GeForce GTX 1650
GODOT_PROCESS PASS normal-smoke: exit=0
Godot Engine v4.7.2.stable.official.ed1daf0bf - https://godotengine.org
GODOT_PROCESS PASS headless-smoke: exit=0
Godot Engine v4.7.2.stable.official.ed1daf0bf - https://godotengine.org

B08 PASS section_fixtures_ready
B08 PASS harrier_locked_contexts
B08 PASS harrier_activation_at_2600
B08 PASS both_actors_persist_oscillation_days
B08 FAIL harrier_geometry_crop
B08 PASS harrier_hover_and_bob
B08 PASS harrier_reachable_in_live_flight
B08 PASS harrier_reach_matches_body
B08 PASS harrier_grounded_melee_hit_miss
B08 PASS harrier_first_thread_hit_miss
B08 PASS harrier_vertical_reach_follows_display
B08 PASS nearest_eligible_target
B08 PASS harrier_facings
B08 PASS harrier_approach_and_retreat
B08 PASS harrier_windup_locks_target
B08 PASS harrier_single_hit_per_dive
B08 PASS harrier_dash_avoids_dive
B08 PASS harrier_no_idle_contact
B08 PASS harrier_cancels_outside_foothills
B08 PASS harrier_stays_in_bounds
B08 PASS simultaneous_combat_single_hits
B08 PASS independent_defeat_and_reward
B08 PASS two_rewards_within_cap
B08 PASS cave_waves_keep_both
B08 PASS safe_capture_with_both_live
B08 PASS ore_independent_of_both
B08 PASS save_combo_neither
B08 PASS save_combo_crawler_only
B08 PASS save_combo_harrier_only
B08 PASS save_combo_both
B08 PASS f4_restores_both_exactly
B08 PASS new_run_resets_both
B08 PASS harrier_bounds_prepared_once
B08 PASS harrier_bounds_ready_before_first_frame
B08_FAIL: 33/34 checks (fault: wrong_artwork)
GODOT_PROCESS PASS negative-wrong_artwork: exit=1
Godot Engine v4.7.2.stable.official.ed1daf0bf - https://godotengine.org

B08 PASS section_fixtures_ready
B08 PASS harrier_locked_contexts
B08 PASS harrier_activation_at_2600
B08 PASS both_actors_persist_oscillation_days
B08 PASS harrier_geometry_crop
B08 FAIL harrier_hover_and_bob
B08 FAIL harrier_reachable_in_live_flight
B08 PASS harrier_reach_matches_body
B08 PASS harrier_grounded_melee_hit_miss
B08 PASS harrier_first_thread_hit_miss
B08 PASS harrier_vertical_reach_follows_display
B08 PASS nearest_eligible_target
B08 PASS harrier_facings
B08 PASS harrier_approach_and_retreat
B08 PASS harrier_windup_locks_target
B08 FAIL harrier_single_hit_per_dive
B08 FAIL harrier_dash_avoids_dive
B08 PASS harrier_no_idle_contact
B08 PASS harrier_cancels_outside_foothills
B08 PASS harrier_stays_in_bounds
B08 FAIL simultaneous_combat_single_hits
B08 PASS independent_defeat_and_reward
B08 PASS two_rewards_within_cap
B08 PASS cave_waves_keep_both
B08 PASS safe_capture_with_both_live
B08 PASS ore_independent_of_both
B08 PASS save_combo_neither
B08 PASS save_combo_crawler_only
B08 PASS save_combo_harrier_only
B08 PASS save_combo_both
B08 PASS f4_restores_both_exactly
B08 PASS new_run_resets_both
B08 PASS harrier_bounds_prepared_once
B08 PASS harrier_bounds_ready_before_first_frame
B08_FAIL: 29/34 checks (fault: unreachable_flight)
GODOT_PROCESS PASS negative-unreachable_flight: exit=1
Godot Engine v4.7.2.stable.official.ed1daf0bf - https://godotengine.org

B08 PASS section_fixtures_ready
B08 PASS harrier_locked_contexts
B08 PASS harrier_activation_at_2600
B08 PASS both_actors_persist_oscillation_days
B08 PASS harrier_geometry_crop
B08 PASS harrier_hover_and_bob
B08 PASS harrier_reachable_in_live_flight
B08 PASS harrier_reach_matches_body
B08 PASS harrier_grounded_melee_hit_miss
B08 PASS harrier_first_thread_hit_miss
B08 PASS harrier_vertical_reach_follows_display
B08 PASS nearest_eligible_target
B08 PASS harrier_facings
B08 PASS harrier_approach_and_retreat
B08 PASS harrier_windup_locks_target
B08 PASS harrier_single_hit_per_dive
B08 PASS harrier_dash_avoids_dive
B08 PASS harrier_no_idle_contact
B08 PASS harrier_cancels_outside_foothills
B08 PASS harrier_stays_in_bounds
B08 PASS simultaneous_combat_single_hits
B08 PASS independent_defeat_and_reward
B08 PASS two_rewards_within_cap
B08 PASS cave_waves_keep_both
B08 PASS safe_capture_with_both_live
B08 PASS ore_independent_of_both
B08 PASS save_combo_neither
B08 PASS save_combo_crawler_only
B08 PASS save_combo_harrier_only
B08 PASS save_combo_both
B08 PASS f4_restores_both_exactly
B08 PASS new_run_resets_both
B08 FAIL harrier_bounds_prepared_once
B08 FAIL harrier_bounds_ready_before_first_frame
B08_FAIL: 32/34 checks (fault: late_bounds)
GODOT_PROCESS PASS negative-late_bounds: exit=1
Godot Engine v4.7.2.stable.official.ed1daf0bf - https://godotengine.org

B08 PASS section_fixtures_ready
B08 PASS harrier_locked_contexts
B08 PASS harrier_activation_at_2600
B08 PASS both_actors_persist_oscillation_days
B08 PASS harrier_geometry_crop
B08 PASS harrier_hover_and_bob
B08 PASS harrier_reachable_in_live_flight
B08 PASS harrier_reach_matches_body
B08 PASS harrier_grounded_melee_hit_miss
B08 PASS harrier_first_thread_hit_miss
B08 PASS harrier_vertical_reach_follows_display
B08 PASS nearest_eligible_target
B08 PASS harrier_facings
B08 PASS harrier_approach_and_retreat
B08 FAIL harrier_windup_locks_target
B08 PASS harrier_single_hit_per_dive
B08 PASS harrier_dash_avoids_dive
B08 PASS harrier_no_idle_contact
B08 PASS harrier_cancels_outside_foothills
B08 PASS harrier_stays_in_bounds
B08 PASS simultaneous_combat_single_hits
B08 PASS independent_defeat_and_reward
B08 PASS two_rewards_within_cap
B08 PASS cave_waves_keep_both
B08 PASS safe_capture_with_both_live
B08 PASS ore_independent_of_both
B08 PASS save_combo_neither
B08 PASS save_combo_crawler_only
B08 PASS save_combo_harrier_only
B08 PASS save_combo_both
B08 PASS f4_restores_both_exactly
B08 PASS new_run_resets_both
B08 PASS harrier_bounds_prepared_once
B08 PASS harrier_bounds_ready_before_first_frame
B08_FAIL: 33/34 checks (fault: retargeting)
GODOT_PROCESS PASS negative-retargeting: exit=1
Godot Engine v4.7.2.stable.official.ed1daf0bf - https://godotengine.org

B08 PASS section_fixtures_ready
B08 PASS harrier_locked_contexts
B08 PASS harrier_activation_at_2600
B08 PASS both_actors_persist_oscillation_days
B08 PASS harrier_geometry_crop
B08 PASS harrier_hover_and_bob
B08 PASS harrier_reachable_in_live_flight
B08 PASS harrier_reach_matches_body
B08 PASS harrier_grounded_melee_hit_miss
B08 PASS harrier_first_thread_hit_miss
B08 PASS harrier_vertical_reach_follows_display
B08 PASS nearest_eligible_target
B08 PASS harrier_facings
B08 PASS harrier_approach_and_retreat
B08 PASS harrier_windup_locks_target
B08 FAIL harrier_single_hit_per_dive
B08 FAIL harrier_dash_avoids_dive
B08 PASS harrier_no_idle_contact
B08 PASS harrier_cancels_outside_foothills
B08 PASS harrier_stays_in_bounds
B08 FAIL simultaneous_combat_single_hits
B08 PASS independent_defeat_and_reward
B08 PASS two_rewards_within_cap
B08 PASS cave_waves_keep_both
B08 PASS safe_capture_with_both_live
B08 PASS ore_independent_of_both
B08 PASS save_combo_neither
B08 PASS save_combo_crawler_only
B08 PASS save_combo_harrier_only
B08 PASS save_combo_both
B08 PASS f4_restores_both_exactly
B08 PASS new_run_resets_both
B08 PASS harrier_bounds_prepared_once
B08 PASS harrier_bounds_ready_before_first_frame
B08_FAIL: 31/34 checks (fault: repeated_damage)
GODOT_PROCESS PASS negative-repeated_damage: exit=1
Godot Engine v4.7.2.stable.official.ed1daf0bf - https://godotengine.org

B08 PASS section_fixtures_ready
B08 PASS harrier_locked_contexts
B08 PASS harrier_activation_at_2600
B08 PASS both_actors_persist_oscillation_days
B08 PASS harrier_geometry_crop
B08 PASS harrier_hover_and_bob
B08 PASS harrier_reachable_in_live_flight
B08 PASS harrier_reach_matches_body
B08 PASS harrier_grounded_melee_hit_miss
B08 PASS harrier_first_thread_hit_miss
B08 PASS harrier_vertical_reach_follows_display
B08 PASS nearest_eligible_target
B08 PASS harrier_facings
B08 PASS harrier_approach_and_retreat
B08 PASS harrier_windup_locks_target
B08 PASS harrier_single_hit_per_dive
B08 PASS harrier_dash_avoids_dive
B08 PASS harrier_no_idle_contact
B08 FAIL harrier_cancels_outside_foothills
B08 FAIL harrier_stays_in_bounds
B08 PASS simultaneous_combat_single_hits
B08 PASS independent_defeat_and_reward
B08 PASS two_rewards_within_cap
B08 PASS cave_waves_keep_both
B08 PASS safe_capture_with_both_live
B08 PASS ore_independent_of_both
B08 PASS save_combo_neither
B08 PASS save_combo_crawler_only
B08 PASS save_combo_harrier_only
B08 PASS save_combo_both
B08 PASS f4_restores_both_exactly
B08 PASS new_run_resets_both
B08 PASS harrier_bounds_prepared_once
B08 PASS harrier_bounds_ready_before_first_frame
B08_FAIL: 32/34 checks (fault: boundary_escape)
GODOT_PROCESS PASS negative-boundary_escape: exit=1
Godot Engine v4.7.2.stable.official.ed1daf0bf - https://godotengine.org

B08 PASS section_fixtures_ready
B08 PASS harrier_locked_contexts
B08 PASS harrier_activation_at_2600
B08 PASS both_actors_persist_oscillation_days
B08 PASS harrier_geometry_crop
B08 PASS harrier_hover_and_bob
B08 PASS harrier_reachable_in_live_flight
B08 PASS harrier_reach_matches_body
B08 PASS harrier_grounded_melee_hit_miss
B08 PASS harrier_first_thread_hit_miss
B08 PASS harrier_vertical_reach_follows_display
B08 PASS nearest_eligible_target
B08 PASS harrier_facings
B08 PASS harrier_approach_and_retreat
B08 PASS harrier_windup_locks_target
B08 PASS harrier_single_hit_per_dive
B08 PASS harrier_dash_avoids_dive
B08 PASS harrier_no_idle_contact
B08 PASS harrier_cancels_outside_foothills
B08 PASS harrier_stays_in_bounds
B08 PASS simultaneous_combat_single_hits
B08 FAIL independent_defeat_and_reward
B08 PASS two_rewards_within_cap
B08 PASS cave_waves_keep_both
B08 PASS safe_capture_with_both_live
B08 PASS ore_independent_of_both
B08 PASS save_combo_neither
B08 PASS save_combo_crawler_only
B08 FAIL save_combo_harrier_only
B08 PASS save_combo_both
B08 PASS f4_restores_both_exactly
B08 PASS new_run_resets_both
B08 PASS harrier_bounds_prepared_once
B08 PASS harrier_bounds_ready_before_first_frame
B08_FAIL: 32/34 checks (fault: shared_defeat_state)
GODOT_PROCESS PASS negative-shared_defeat_state: exit=1
Godot Engine v4.7.2.stable.official.ed1daf0bf - https://godotengine.org

B08 PASS section_fixtures_ready
B08 PASS harrier_locked_contexts
B08 PASS harrier_activation_at_2600
B08 PASS both_actors_persist_oscillation_days
B08 PASS harrier_geometry_crop
B08 PASS harrier_hover_and_bob
B08 PASS harrier_reachable_in_live_flight
B08 PASS harrier_reach_matches_body
B08 PASS harrier_grounded_melee_hit_miss
B08 PASS harrier_first_thread_hit_miss
B08 PASS harrier_vertical_reach_follows_display
B08 PASS nearest_eligible_target
B08 PASS harrier_facings
B08 PASS harrier_approach_and_retreat
B08 PASS harrier_windup_locks_target
B08 PASS harrier_single_hit_per_dive
B08 PASS harrier_dash_avoids_dive
B08 PASS harrier_no_idle_contact
B08 PASS harrier_cancels_outside_foothills
B08 PASS harrier_stays_in_bounds
B08 PASS simultaneous_combat_single_hits
B08 FAIL independent_defeat_and_reward
B08 PASS two_rewards_within_cap
B08 PASS cave_waves_keep_both
B08 PASS safe_capture_with_both_live
B08 PASS ore_independent_of_both
B08 PASS save_combo_neither
B08 PASS save_combo_crawler_only
B08 PASS save_combo_harrier_only
B08 PASS save_combo_both
B08 PASS f4_restores_both_exactly
B08 PASS new_run_resets_both
B08 PASS harrier_bounds_prepared_once
B08 PASS harrier_bounds_ready_before_first_frame
B08_FAIL: 33/34 checks (fault: duplicate_reward)
GODOT_PROCESS PASS negative-duplicate_reward: exit=1
Godot Engine v4.7.2.stable.official.ed1daf0bf - https://godotengine.org

B08 PASS section_fixtures_ready
B08 PASS harrier_locked_contexts
B08 PASS harrier_activation_at_2600
B08 PASS both_actors_persist_oscillation_days
B08 PASS harrier_geometry_crop
B08 PASS harrier_hover_and_bob
B08 PASS harrier_reachable_in_live_flight
B08 PASS harrier_reach_matches_body
B08 PASS harrier_grounded_melee_hit_miss
B08 PASS harrier_first_thread_hit_miss
B08 PASS harrier_vertical_reach_follows_display
B08 PASS nearest_eligible_target
B08 PASS harrier_facings
B08 PASS harrier_approach_and_retreat
B08 PASS harrier_windup_locks_target
B08 PASS harrier_single_hit_per_dive
B08 PASS harrier_dash_avoids_dive
B08 PASS harrier_no_idle_contact
B08 PASS harrier_cancels_outside_foothills
B08 PASS harrier_stays_in_bounds
B08 PASS simultaneous_combat_single_hits
B08 PASS independent_defeat_and_reward
B08 PASS two_rewards_within_cap
B08 PASS cave_waves_keep_both
B08 PASS safe_capture_with_both_live
B08 PASS ore_independent_of_both
B08 FAIL save_combo_neither
B08 FAIL save_combo_crawler_only
B08 PASS save_combo_harrier_only
B08 PASS save_combo_both
B08 PASS f4_restores_both_exactly
B08 PASS new_run_resets_both
B08 PASS harrier_bounds_prepared_once
B08 PASS harrier_bounds_ready_before_first_frame
B08_FAIL: 32/34 checks (fault: incomplete_rollback)
GODOT_PROCESS PASS negative-incomplete_rollback: exit=1
Godot Engine v4.7.2.stable.official.ed1daf0bf - https://godotengine.org

B08 PASS section_fixtures_ready
B08 PASS harrier_locked_contexts
B08 PASS harrier_activation_at_2600
B08 PASS both_actors_persist_oscillation_days
B08 PASS harrier_geometry_crop
B08 PASS harrier_hover_and_bob
B08 PASS harrier_reachable_in_live_flight
B08 PASS harrier_reach_matches_body
B08 PASS harrier_grounded_melee_hit_miss
B08 PASS harrier_first_thread_hit_miss
B08 PASS harrier_vertical_reach_follows_display
B08 PASS nearest_eligible_target
B08 PASS harrier_facings
B08 PASS harrier_approach_and_retreat
B08 PASS harrier_windup_locks_target
B08 PASS harrier_single_hit_per_dive
B08 PASS harrier_dash_avoids_dive
B08 PASS harrier_no_idle_contact
B08 PASS harrier_cancels_outside_foothills
B08 PASS harrier_stays_in_bounds
B08 PASS simultaneous_combat_single_hits
B08 PASS independent_defeat_and_reward
B08 PASS two_rewards_within_cap
B08 PASS cave_waves_keep_both
B08 PASS safe_capture_with_both_live
B08 PASS ore_independent_of_both
B08 PASS save_combo_neither
B08 PASS save_combo_crawler_only
B08 PASS save_combo_harrier_only
B08 PASS save_combo_both
B08 FAIL f4_restores_both_exactly
B08 PASS new_run_resets_both
B08 PASS harrier_bounds_prepared_once
B08 PASS harrier_bounds_ready_before_first_frame
B08_FAIL: 33/34 checks (fault: incomplete_f4_restore)
GODOT_PROCESS PASS negative-incomplete_f4_restore: exit=1
Godot Engine v4.7.2.stable.official.ed1daf0bf - https://godotengine.org

B08 PASS section_fixtures_ready
B08 PASS harrier_locked_contexts
B08 FAIL harrier_activation_at_2600
B08 PASS both_actors_persist_oscillation_days
B08 PASS harrier_geometry_crop
B08 PASS harrier_hover_and_bob
B08 PASS harrier_reachable_in_live_flight
B08 PASS harrier_reach_matches_body
B08 FAIL harrier_grounded_melee_hit_miss
B08 FAIL harrier_first_thread_hit_miss
B08 FAIL harrier_vertical_reach_follows_display
B08 PASS nearest_eligible_target
B08 PASS harrier_facings
B08 PASS harrier_approach_and_retreat
B08 PASS harrier_windup_locks_target
B08 PASS harrier_single_hit_per_dive
B08 PASS harrier_dash_avoids_dive
B08 PASS harrier_no_idle_contact
B08 PASS harrier_cancels_outside_foothills
B08 PASS harrier_stays_in_bounds
B08 PASS simultaneous_combat_single_hits
B08 PASS independent_defeat_and_reward
B08 PASS two_rewards_within_cap
B08 PASS cave_waves_keep_both
B08 PASS safe_capture_with_both_live
B08 PASS ore_independent_of_both
B08 FAIL save_combo_neither
B08 FAIL save_combo_crawler_only
B08 PASS save_combo_harrier_only
B08 PASS save_combo_both
B08 PASS f4_restores_both_exactly
B08 PASS new_run_resets_both
B08 PASS harrier_bounds_prepared_once
B08 PASS harrier_bounds_ready_before_first_frame
B08_FAIL: 28/34 checks (fault: duplicate_spawn)
GODOT_PROCESS PASS negative-duplicate_spawn: exit=1
