Godot Engine v4.7.2.stable.official.ed1daf0bf - https://godotengine.org
OpenGL API 3.3.0 NVIDIA 616.92 - Compatibility - Using Device: NVIDIA - NVIDIA GeForce GTX 1650

B08RT PASS controller isolation precedes the first gameplay frame (pulse 0.000, state opening, engine frame 0 = 0)
B08RT PASS the game's first gameplay frame (engine frame 1) follows isolation (engine frame 0)
B08RT PASS synthetic 0.21 trigger and 0.35 stick noise neither dash, queue nor move Lolth
B08RT PASS fixture: legitimate first cure and safe return; no actor yet
B08RT_TRACE D frames=851 settle_frames=21 settled=true monotonic=true x=1921.4
B08RT PASS real D walk into the foothills creates the crawler but no Harrier before x=2600
B08RT_TRACE D frames=363 settle_frames=21 settled=true monotonic=true x=2652.4
B08RT PASS real D walk activates exactly one Cliff Harrier on first reaching x>=2600 (spawn at Lolth x=2601.2)
B08RT PASS day-right: Harrier body visible (0.45 of body box), claws hover at row 524 (expected 525), centered on its world x under a 1420 px view (0.5 px), clean padding (0 of 3300 pixels changed)
B08RT PASS day-left: Harrier body visible (0.45 of body box), claws hover at row 524 (expected 525), centered on its world x under a 1420 px view (0.0 px), clean padding (0 of 3300 pixels changed)
B08RT PASS day: left facing is the exact reflection of right facing around the body center (1.00 overlap)
B08RT PASS night-right: Harrier body visible (0.44 of body box), claws hover at row 524 (expected 525), centered on its world x under a 1420 px view (0.0 px), clean padding (0 of 3300 pixels changed)
B08RT PASS night-left: Harrier body visible (0.44 of body box), claws hover at row 524 (expected 525), centered on its world x under a 1420 px view (0.0 px), clean padding (0 of 3300 pixels changed)
B08RT PASS night: left facing is the exact reflection of right facing around the body center (1.00 overlap)
B08RT PASS real left-click from the ground hits the hovering Harrier inside its visible reach (113.1 px) without a hurt pose
B08RT PASS real left-click just outside the reach misses without damage or a hurt pose
B08RT PASS real C First Thread reaches the Harrier inside its range for its existing damage
B08RT PASS real C First Thread finds no target just outside its range
B08RT PASS windup shows a ground warning toward the locked target and a DIVE! label (1897 / 271 changed pixels)
B08RT PASS moving with real D during the windup does not retarget: the dive keeps its locked point and direction
B08RT PASS real Shift dash avoids the dive, which is spent without damage
B08RT PASS an unavoided dive wounds Lolth exactly once by the existing hurt (1 hurt frames)
B08RT PASS both actors strike in the same exchange; each lands at most once (2 wounds)
B08RT_TRACE D frames=105 settle_frames=21 settled=true monotonic=true x=2631.5
B08RT_TRACE A frames=1164 settle_frames=21 settled=true monotonic=true x=283.6
B08RT PASS a live foothill pair does not block the safe capture at the cave Wagon; both flags are saved
B08RT PASS real D/E/A run collects and deposits the ore once with both actors alive
B08RT_TRACE D frames=1171 settle_frames=21 settled=true monotonic=true x=2651.7
B08RT PASS a revisit meets the same two actors with their health; no copies
B08RT PASS real A retreat out of the foothills takes no damage; the Harrier stays at its patrol bound and never follows
B08RT_TRACE D frames=111 settle_frames=21 settled=true monotonic=true x=1922.0
B08RT PASS returning meets the same live Harrier with its health; no second copy
B08RT_TRACE D frames=363 settle_frames=21 settled=true monotonic=true x=2653.0
B08RT PASS walking back past x=2600 does not create another Harrier
B08RT PASS real F4 panel input (open, Mark up, restore) deep-restores both live actors, timers, positions, facings and flags
B08RT PASS restored controller bindings match the bindings before isolation
B08RT PASS real controller X attack hits the hovering Harrier inside its reach
B08RT PASS real controller right trigger dashes with restored bindings
B08RT_TRACE A frames=349 settle_frames=21 settled=true monotonic=true x=1697.2
B08RT_TRACE D frames=474 settle_frames=21 settled=true monotonic=true x=2651.8
B08RT PASS two real credited defeats pay one Echo each, once; revisits neither respawn nor repay; no progression unlock
B08RT PASS crop bounds stayed cached through rendered play (crawler scans 1, Harrier scans 1, atlas scans 22)
B08_RUNTIME_PASS: 33/33 checks
