Godot Engine v4.7.2.stable.official.ed1daf0bf - https://godotengine.org

FACING PASS all 22 atlas cells are prepared
FACING PASS BRIAR HOUND spawn faces its left target
FACING PASS BRIAR HOUND spawn faces its right target
FACING PASS BRIAR HOUND moves/faces -1.0
FACING PASS BRIAR HOUND moves/faces 1.0
FACING PASS BRIAR HOUND windup locks -1.0 despite target crossing
FACING PASS BRIAR HOUND strike moves/faces locked -1.0
FACING PASS BRIAR HOUND windup locks 1.0 despite target crossing
FACING PASS BRIAR HOUND strike moves/faces locked 1.0
FACING PASS BRIAR HOUND stationary recovery retains facing
FACING PASS BRIAR HOUND defeated retains position and facing
FACING PASS STAG OF MIRE spawn faces its left target
FACING PASS STAG OF MIRE spawn faces its right target
FACING PASS STAG OF MIRE moves/faces -1.0
FACING PASS STAG OF MIRE moves/faces 1.0
FACING PASS STAG OF MIRE windup locks -1.0 despite target crossing
FACING PASS STAG OF MIRE strike moves/faces locked -1.0
FACING PASS STAG OF MIRE windup locks 1.0 despite target crossing
FACING PASS STAG OF MIRE strike moves/faces locked 1.0
FACING PASS STAG OF MIRE stationary recovery retains facing
FACING PASS STAG OF MIRE defeated retains position and facing
FACING PASS ANTLERED HUNGER spawn faces its left target
FACING PASS ANTLERED HUNGER spawn faces its right target
FACING PASS ANTLERED HUNGER moves/faces -1.0
FACING PASS ANTLERED HUNGER moves/faces 1.0
FACING PASS ANTLERED HUNGER windup locks -1.0 despite target crossing
FACING PASS ANTLERED HUNGER strike moves/faces locked -1.0
FACING PASS ANTLERED HUNGER windup locks 1.0 despite target crossing
FACING PASS ANTLERED HUNGER strike moves/faces locked 1.0
FACING PASS ANTLERED HUNGER stationary recovery retains facing
FACING PASS ANTLERED HUNGER defeated retains position and facing
FACING PASS zero horizontal distance does not flicker
FACING PASS legacy dictionary fallback uses locked attack direction
FACING PASS legacy dictionary fallback faces target
FACING PASS generic spawn faces right target
FACING PASS generic negative-speed retreat faces actual left movement
FACING PASS generic forward pursuit also faces left
FACING PASS clamped zero-motion retains facing
FACING PASS F4 deep snapshot restores enemy facing
FACING PASS safe-wagon restore clears threats and preserves Mark/cure
FACING PASS BRIAR HOUND frame 0 mirrored geometry/feet/reach unchanged
FACING PASS BRIAR HOUND frame 1 mirrored geometry/feet/reach unchanged
FACING PASS BRIAR HOUND frame 2 mirrored geometry/feet/reach unchanged
FACING PASS BRIAR HOUND frame 3 mirrored geometry/feet/reach unchanged
FACING PASS STAG OF MIRE frame 0 mirrored geometry/feet/reach unchanged
FACING PASS STAG OF MIRE frame 1 mirrored geometry/feet/reach unchanged
FACING PASS STAG OF MIRE frame 2 mirrored geometry/feet/reach unchanged
FACING PASS STAG OF MIRE frame 3 mirrored geometry/feet/reach unchanged
FACING PASS ANTLERED HUNGER frame 0 mirrored geometry/feet/reach unchanged
FACING PASS ANTLERED HUNGER frame 1 mirrored geometry/feet/reach unchanged
FACING PASS ANTLERED HUNGER frame 2 mirrored geometry/feet/reach unchanged
FACING PASS ANTLERED HUNGER frame 3 mirrored geometry/feet/reach unchanged
FACING PASS BRIAR HOUND -1.0-side hit boundary
FACING PASS BRIAR HOUND -1.0-side miss boundary
FACING PASS BRIAR HOUND 1.0-side hit boundary
FACING PASS BRIAR HOUND 1.0-side miss boundary
FACING PASS STAG OF MIRE -1.0-side hit boundary
FACING PASS STAG OF MIRE -1.0-side miss boundary
FACING PASS STAG OF MIRE 1.0-side hit boundary
FACING PASS STAG OF MIRE 1.0-side miss boundary
FACING PASS ANTLERED HUNGER -1.0-side hit boundary
FACING PASS ANTLERED HUNGER -1.0-side miss boundary
FACING PASS ANTLERED HUNGER 1.0-side hit boundary
FACING PASS ANTLERED HUNGER 1.0-side miss boundary
FACING PASS facing changes add zero alpha scans
FACING_PASS: 65/65 checks fault=
