Godot Engine v4.7.2.stable.official.ed1daf0bf - https://godotengine.org
OpenGL API 3.3.0 NVIDIA 616.92 - Compatibility - Using Device: NVIDIA - NVIDIA GeForce GTX 1650

B06RT PASS cave view at zero offset matches the pre-B-06 build (day, 0 differing pixels)
B06_PROBE FILTER hardware joypad events in this diagnostic only
B06RT PASS cave view at zero offset matches the pre-B-06 build (night, 0 differing pixels)
B06RT PASS cave view at zero offset matches the pre-B-06 build (secured, 0 differing pixels)
B06RT PASS world translation keeps right-facing Lolth, enemies, labels and bars identical on screen (0 differing pixels)
B06RT PASS world marker after reflected sprites and screen marker stay in place (right)
B06RT PASS world translation keeps left-facing Lolth, enemies, labels and bars identical on screen (0 differing pixels)
B06RT PASS world marker after reflected sprites and screen marker stay in place (left)
B06RT PASS legitimate first cure and safe return open the on-foot route
B06_PROBE FILTER hardware joypad events in this diagnostic only
B06RT_TRACE D frames=1365 monotonic=true step_ok=true camera_ok=true context_ok=true max_step=42.15 max_step_ratio=1.000
B06_PROBE STOP key=D velocity=217.08332824707 axis=0.0 shadow=0.00486770644784
B06RT PASS real D input reaches the far foothill limit
B06RT PASS outward motion has no reset, jump, region screen or floor change
B06RT PASS view offset stays zero while Lolth is inside the cave window
B06RT PASS displayed region crosses Thornwake, the approach and the foothills
B06RT PASS Wagon and family keep one cave anchor while Lolth is away
B06RT_TRACE A frames=176 monotonic=true step_ok=true camera_ok=true context_ok=true max_step=14.36 max_step_ratio=1.000
B06_PROBE STOP key=A velocity=-217.08332824707 axis=0.0 shadow=0.00978881493211
B06RT PASS real E collects the single foothill ore
B06RT PASS a second E press finds nothing more
B06RT PASS M cannot open the Wagon from the foothills
B06RT PASS I opens Lolth's inventory away from the Wagon and pauses the world
B06RT PASS Esc closes the inventory
B06RT PASS left-click in the foothills swings without a target or a world interaction
B06RT_TRACE A frames=1160 monotonic=true step_ok=true camera_ok=true context_ok=true max_step=2.06 max_step_ratio=1.000
B06_PROBE STOP key=A velocity=-217.08332824707 axis=0.0 shadow=0.00486770644784
B06RT PASS real A input returns along the same route to the cave Wagon
B06RT PASS arrival secures a consistent snapshot with the carried ore
B06RT PASS real E deposits the ore once at the cave Wagon
B06RT_TRACE D frames=993 monotonic=true step_ok=true camera_ok=true context_ok=true max_step=20.44 max_step_ratio=1.000
B06_PROBE STOP key=D velocity=217.08332824707 axis=0.0 shadow=0.01467177644372
B06_PROBE CHECK the cave Stag telegraphs and damages the Wagon while Lolth stays in the foothills x=2321.65747070313 velocity=0.0 camera=1401.65747070313 integrity=90.8 menu=false state=journey message=STAG OF MIRE strikes the Wagon. Integrity: 91%.
B06RT FAIL the cave Stag telegraphs and damages the Wagon while Lolth stays in the foothills
B06RT PASS Wagon destruction away from the cave reaches the defeat card
B06RT PASS E restores the cave snapshot with Mark I, the cure and one ore
B06RT_TRACE D frames=418 monotonic=true step_ok=true camera_ok=true context_ok=true max_step=2.01 max_step_ratio=1.000
B06_PROBE STOP key=D velocity=217.08332824707 axis=0.0 shadow=0.00978881493211
B06RT PASS left-click melee and C First Thread hit by world position under a 243 px view offset
B06RT PASS M near the Thornwake border still cannot open the Wagon
B06RT PASS frozen day capture at x=1000 uses view offset 80
B06RT PASS frozen day capture at x=1280 uses view offset 360
B06RT PASS frozen day capture at x=1520 uses view offset 600
B06RT PASS frozen day capture at x=1760 uses view offset 840
B06RT PASS frozen day capture at x=2400 uses view offset 1480
B06RT PASS frozen night capture at x=1000 uses view offset 80
B06RT PASS frozen night capture at x=1280 uses view offset 360
B06RT PASS frozen night capture at x=1520 uses view offset 600
B06RT PASS frozen night capture at x=1760 uses view offset 840
B06RT PASS frozen night capture at x=2400 uses view offset 1480
B06RT PASS HUD title stays fixed in screen space at every position
B06RT PASS no visible cut at the x=1280 seam (0.0006 vs typical 0.0128)
B06RT PASS no visible cut at the x=1760 seam (0.0023 vs typical 0.0158)
B06_RUNTIME_FAIL: 39/40 checks
